******************************************************************************
                  TI ARM Linker PC v20.2.7                     
******************************************************************************
>> Linked Thu Dec  7 19:07:29 2023

OUTPUT FILE NAME:   <lab02.out>
ENTRY POINT SYMBOL: "_c_int00_noargs"  address: 00006cdd


MEMORY CONFIGURATION

         name            origin    length      used     unused   attr    fill
----------------------  --------  ---------  --------  --------  ----  --------
  FLASH                 00000000   00040000  0000728f  00038d71  R  X
  SRAM                  20000000   00008000  000033b0  00004c50  RW X


SEGMENT ALLOCATION MAP

run origin  load origin   length   init length attrs members
----------  ----------- ---------- ----------- ----- -------
00000000    00000000    00007290   00007290    r-x
  00000000    00000000    0000026c   0000026c    r-- .intvecs
  0000026c    0000026c    00006cc4   00006cc4    r-x .text
  00006f30    00006f30    00000307   00000307    r-- .const
  00007238    00007238    00000058   00000058    r-- .cinit
20000000    20000000    000033b2   00000000    rw-
  20000000    20000000    0000026c   00000000    rw- .vtable
  2000026c    2000026c    00002502   00000000    rw- .bss
  20002770    20002770    00000800   00000000    rw- .stack
  20002f70    20002f70    00000400   00000000    rw- .sysmem
  20003370    20003370    00000042   00000000    rw- .data


SECTION ALLOCATION MAP

 output                                  attributes/
section   page    origin      length       input sections
--------  ----  ----------  ----------   ----------------
.intvecs   0    00000000    0000026c     
                  00000000    0000026c     tm4c123gh6pm_startup_ccs.obj (.intvecs)

.text      0    0000026c    00006cc4     
                  0000026c    00000c20     open_interface.obj (.text)
                  00000e8c    00000a4e     rtsv7M4_T_le_v4SPD16_eabi.lib : _printfi.c.obj (.text:__TI_printfi)
                  000018da    00000002                                   : _lock.c.obj (.text:_nop)
                  000018dc    000009d0                                   : e_pow.c.obj (.text:pow)
                  000022ac    00000738                                   : k_rem_pio2.c.obj (.text:__kernel_rem_pio2)
                  000029e4    000006ac     objDetect.obj (.text)
                  00003090    000005e0     rtsv7M4_T_le_v4SPD16_eabi.lib : s_sin.c.obj (.text:sin)
                  00003670    000005dc                                   : s_cos.c.obj (.text:cos)
                  00003c4c    00000560     movement.obj (.text)
                  000041ac    00000328     lcd.obj (.text)
                  000044d4    00000288     main.obj (.text)
                  0000475c    00000270     rtsv7M4_T_le_v4SPD16_eabi.lib : _printfi.c.obj (.text:_pconv_a)
                  000049cc    00000248     Timer.obj (.text)
                  00004c14    00000218     doScan.obj (.text)
                  00004e2c    000001e0     uart.obj (.text)
                  0000500c    000001d0     rtsv7M4_T_le_v4SPD16_eabi.lib : _printfi.c.obj (.text:_pconv_g)
                  000051dc    000001b6                                   : fd_add_t2.asm.obj (.text)
                  00005392    00000002                                   : div0.asm.obj (.text)
                  00005394    0000018c     servo.obj (.text)
                  00005520    00000174     rtsv7M4_T_le_v4SPD16_eabi.lib : k_sin.c.obj (.text:__kernel_sin)
                  00005694    00000170                                   : k_cos.c.obj (.text:__kernel_cos)
                  00005804    00000158                                   : e_sqrt.c.obj (.text:sqrt)
                  0000595c    0000013c                                   : _printfi.c.obj (.text:_pconv_e)
                  00005a98    00000136                                   : fd_div_t2.asm.obj (.text)
                  00005bce    00000002     --HOLE-- [fill = 0]
                  00005bd0    00000124     adc.obj (.text)
                  00005cf4    00000124     rtsv7M4_T_le_v4SPD16_eabi.lib : _printfi.c.obj (.text:fcvt)
                  00005e18    00000110                                   : s_scalbn.c.obj (.text:scalbn)
                  00005f28    00000100                                   : memory.c.obj (.text:aligned_alloc)
                  00006028    000000fc                                   : fd_mul_t2.asm.obj (.text)
                  00006124    000000f8                                   : s_floor.c.obj (.text:floor)
                  0000621c    000000e4                                   : memory.c.obj (.text:free)
                  00006300    000000dc     trig.obj (.text)
                  000063dc    000000b1     rtsv7M4_T_le_v4SPD16_eabi.lib : _printfi.c.obj (.text:_ltostr)
                  0000648d    00000001     --HOLE-- [fill = 0]
                  0000648e    0000009c                                   : memcpy_t2.asm.obj (.text)
                  0000652a    00000096                                   : ull_div_t2.asm.obj (.text)
                  000065c0    00000086                                   : fd_cmp_t2.asm.obj (.text:__aeabi_cdcmple)
                  00006646    00000086                                   : fd_cmp_t2.asm.obj (.text:__aeabi_cdrcmple)
                  000066cc    0000007a                                   : memset_t2.asm.obj (.text)
                  00006746    00000002     --HOLE-- [fill = 0]
                  00006748    00000070                                   : memory.c.obj (.text:split)
                  000067b8    0000006e                                   : _printfi.c.obj (.text:_mcpy)
                  00006826    0000006e                                   : fd_tos_t2.asm.obj (.text)
                  00006894    00000068                                   : copy_decompress_lzss.c.obj (.text:decompress:lzss:__TI_decompress_lzss)
                  000068fc    00000064                                   : s_frexp.c.obj (.text:frexp)
                  00006960    00000056                                   : _printfi.c.obj (.text:_pconv_f)
                  000069b6    00000054                                   : _ltoa.c.obj (.text:__TI_ltoa)
                  00006a0a    00000052                                   : _printfi.c.obj (.text:_ecpy)
                  00006a5c    0000004c                                   : atoi.c.obj (.text:atoi)
                  00006aa8    00000048                                   : fd_toi_t2.asm.obj (.text)
                  00006af0    00000044                                   : autoinit.c.obj (.text:__TI_auto_init_nobinit_nopinit:__TI_auto_init_nobinit_nopinit)
                  00006b34    00000044                                   : fd_tou_t2.asm.obj (.text)
                  00006b78    00000040                                   : sprintf.c.obj (.text:sprintf)
                  00006bb8    00000040                                   : vsnprintf.c.obj (.text:vsnprintf)
                  00006bf8    0000003e                                   : _printfi.c.obj (.text:_fcpy)
                  00006c36    00000002     --HOLE-- [fill = 0]
                  00006c38    00000038                                   : memory.c.obj (.text:calloc)
                  00006c70    00000038                                   : fs_tod_t2.asm.obj (.text)
                  00006ca8    00000034     driverlib.lib : interrupt.obj (.text:IntRegister)
                  00006cdc    00000034     rtsv7M4_T_le_v4SPD16_eabi.lib : boot_cortex_m.c.obj (.text:_c_int00_noargs:_c_int00_noargs)
                  00006d10    00000030                                   : vsnprintf.c.obj (.text:_outs)
                  00006d40    0000002e                                   : i_tofd_t2.asm.obj (.text)
                  00006d6e    00000002     --HOLE-- [fill = 0]
                  00006d70    00000028                                   : memory.c.obj (.text:free_list_insert)
                  00006d98    00000020                                   : u_tofd_t2.asm.obj (.text)
                  00006db8    0000001c                                   : memory.c.obj (.text:free_list_remove)
                  00006dd4    0000001c                                   : memccpy.c.obj (.text:memccpy)
                  00006df0    0000001a                                   : s_copysign.c.obj (.text:copysign)
                  00006e0a    00000018                                   : vsnprintf.c.obj (.text:_outc)
                  00006e22    00000018                                   : sprintf.c.obj (.text:_outs)
                  00006e3a    00000018     open_interface.obj (.text:oi_parseInt)
                  00006e52    00000018     rtsv7M4_T_le_v4SPD16_eabi.lib : strcmp.c.obj (.text:strcmp)
                  00006e6a    00000016                                   : strchr.c.obj (.text:strchr)
                  00006e80    00000014                                   : strcpy.c.obj (.text:strcpy)
                  00006e94    00000014                                   : strlen.c.obj (.text:strlen)
                  00006ea8    00000012                                   : wcslen.c.obj (.text:wcslen)
                  00006eba    00000010     driverlib.lib : interrupt.obj (.text:IntMasterEnable)
                  00006eca    00000010     lcd.obj (.text:lcd_clear)
                  00006eda    0000000e     rtsv7M4_T_le_v4SPD16_eabi.lib : copy_decompress_none.c.obj (.text:decompress:none:__TI_decompress_none)
                  00006ee8    0000000c     driverlib.lib : cpu.obj (.text:CPUcpsie)
                  00006ef4    0000000c     rtsv7M4_T_le_v4SPD16_eabi.lib : copy_zero_init.c.obj (.text:decompress:ZI:__TI_zero_init)
                  00006f00    0000000c     tm4c123gh6pm_startup_ccs.obj (.text)
                  00006f0c    0000000a     rtsv7M4_T_le_v4SPD16_eabi.lib : sprintf.c.obj (.text:_outc)
                  00006f16    00000002     --HOLE-- [fill = 0]
                  00006f18    00000008                                   : errno.c.obj (.text:__aeabi_errno_addr)
                  00006f20    00000008                                   : memory.c.obj (.text:malloc)
                  00006f28    00000004                                   : pre_init.c.obj (.text:_system_pre_init)
                  00006f2c    00000004                                   : exit.c.obj (.text:abort:abort)

.const     0    00006f30    00000307     
                  00006f30    00000158     rtsv7M4_T_le_v4SPD16_eabi.lib : k_rem_pio2.c.obj (.const:$O1$$)
                  00007088    00000101                                   : ctype.c.obj (.const:.string:_ctypes_)
                  00007189    00000064     objDetect.obj (.const:.string:$P$T0$1)
                  000071ed    00000003     --HOLE-- [fill = 0]
                  000071f0    00000030     rtsv7M4_T_le_v4SPD16_eabi.lib : e_pow.c.obj (.const:$O1$$)
                  00007220    0000000f     open_interface.obj (.const:.string:$P$T0$3)
                  0000722f    00000004     lcd.obj (.const:.string:lineAddress$1)
                  00007233    00000004     lcd.obj (.const:.string:lineAddresses$2)

.cinit     0    00007238    00000058     
                  00007238    0000001e     (.cinit..data.load) [load image, compression = lzss]
                  00007256    00000002     --HOLE-- [fill = 0]
                  00007258    0000000c     (__TI_handler_table)
                  00007264    00000004     --HOLE-- [fill = 0]
                  00007268    00000008     (.cinit..bss.load) [load image, compression = zero_init]
                  00007270    00000008     (.cinit..vtable.load) [load image, compression = zero_init]
                  00007278    00000018     (__TI_cinit_table)

.init_array 
*          0    00000000    00000000     UNINITIALIZED

.vtable    0    20000000    0000026c     UNINITIALIZED
                  20000000    0000026c     driverlib.lib : interrupt.obj (.vtable)

.bss       0    2000026c    00002502     UNINITIALIZED
                  2000026c    00001950     (.common:obj)
                  20001bbc    00000b40     (.common:data)
                  200026fc    00000054     lcd.obj (.bss:lastbuffer$3)
                  20002750    00000018     open_interface.obj (.bss:firmware$2)
                  20002768    00000004     (.common:_timeout_ticks)
                  2000276c    00000001     (.common:flag)
                  2000276d    00000001     (.common:uart_data)

.stack     0    20002770    00000800     UNINITIALIZED
                  20002770    00000004     rtsv7M4_T_le_v4SPD16_eabi.lib : boot_cortex_m.c.obj (.stack)
                  20002774    000007fc     --HOLE--

.sysmem    0    20002f70    00000400     UNINITIALIZED
                  20002f70    00000010     rtsv7M4_T_le_v4SPD16_eabi.lib : memory.c.obj (.sysmem)
                  20002f80    000003f0     --HOLE--

.data      0    20003370    00000042     UNINITIALIZED
                  20003370    00000020     open_interface.obj (.data)
                  20003390    00000008     rtsv7M4_T_le_v4SPD16_eabi.lib : _lock.c.obj (.data:$O1$$)
                  20003398    00000008                                   : memory.c.obj (.data:$O1$$)
                  200033a0    00000008     movement.obj (.data:position)
                  200033a8    00000004     rtsv7M4_T_le_v4SPD16_eabi.lib : errno.c.obj (.data)
                  200033ac    00000004     servo.obj (.data)
                  200033b0    00000001     Timer.obj (.data)
                  200033b1    00000001     movement.obj (.data)

__llvm_prf_cnts 
*          0    20000000    00000000     UNINITIALIZED

MODULE SUMMARY

       Module                         code    ro data   rw data
       ------                         ----    -------   -------
    .\
       objDetect.obj                  1708    100       6480   
       doScan.obj                     536     0         2880   
       open_interface.obj             3128    15        56     
       movement.obj                   1376    0         9      
       lcd.obj                        824     8         84     
       main.obj                       648     0         0      
       tm4c123gh6pm_startup_ccs.obj   12      620       0      
       Timer.obj                      584     0         5      
       uart.obj                       480     0         2      
       servo.obj                      396     0         4      
       adc.obj                        292     0         0      
       trig.obj                       220     0         0      
    +--+------------------------------+-------+---------+---------+
       Total:                         10204   743       9520   
                                                               
    C:/ti/TivaWare_C_Series-2.2.0.295/driverlib/ccs/Debug/driverlib.lib
       interrupt.obj                  68      0         620    
       cpu.obj                        12      0         0      
    +--+------------------------------+-------+---------+---------+
       Total:                         80      0         620    
                                                               
    C:\ti\ccs1230\ccs\tools\compiler\ti-cgt-arm_20.2.7.LTS\lib\rtsv7M4_T_le_v4SPD16_eabi.lib
       _printfi.c.obj                 4851    0         0      
       e_pow.c.obj                    2512    48        0      
       k_rem_pio2.c.obj               1848    344       0      
       s_sin.c.obj                    1504    0         0      
       s_cos.c.obj                    1500    0         0      
       memory.c.obj                   728     0         8      
       fd_add_t2.asm.obj              438     0         0      
       k_sin.c.obj                    372     0         0      
       k_cos.c.obj                    368     0         0      
       e_sqrt.c.obj                   344     0         0      
       fd_div_t2.asm.obj              310     0         0      
       s_scalbn.c.obj                 272     0         0      
       fd_cmp_t2.asm.obj              268     0         0      
       ctype.c.obj                    0       257       0      
       fd_mul_t2.asm.obj              252     0         0      
       s_floor.c.obj                  248     0         0      
       memcpy_t2.asm.obj              156     0         0      
       ull_div_t2.asm.obj             150     0         0      
       vsnprintf.c.obj                136     0         0      
       memset_t2.asm.obj              122     0         0      
       fd_tos_t2.asm.obj              110     0         0      
       copy_decompress_lzss.c.obj     104     0         0      
       s_frexp.c.obj                  100     0         0      
       sprintf.c.obj                  98      0         0      
       _ltoa.c.obj                    84      0         0      
       atoi.c.obj                     76      0         0      
       fd_toi_t2.asm.obj              72      0         0      
       autoinit.c.obj                 68      0         0      
       fd_tou_t2.asm.obj              68      0         0      
       fs_tod_t2.asm.obj              56      0         0      
       boot_cortex_m.c.obj            52      0         0      
       i_tofd_t2.asm.obj              46      0         0      
       u_tofd_t2.asm.obj              32      0         0      
       memccpy.c.obj                  28      0         0      
       s_copysign.c.obj               26      0         0      
       strcmp.c.obj                   24      0         0      
       strchr.c.obj                   22      0         0      
       strcpy.c.obj                   20      0         0      
       strlen.c.obj                   20      0         0      
       wcslen.c.obj                   18      0         0      
       copy_decompress_none.c.obj     14      0         0      
       copy_zero_init.c.obj           12      0         0      
       errno.c.obj                    8       0         4      
       _lock.c.obj                    2       0         8      
       exit.c.obj                     4       0         0      
       pre_init.c.obj                 4       0         0      
       div0.asm.obj                   2       0         0      
    +--+------------------------------+-------+---------+---------+
       Total:                         17549   649       20     
                                                               
       Heap:                          0       0         1024   
       Stack:                         0       0         2048   
       Linker Generated:              0       82        0      
    +--+------------------------------+-------+---------+---------+
       Grand Total:                   27833   1474      13232  


LINKER GENERATED COPY TABLES

__TI_cinit_table @ 00007278 records: 3, size/record: 8, table size: 24
	.data: load addr=00007238, load size=0000001e bytes, run addr=20003370, run size=00000042 bytes, compression=lzss
	.bss: load addr=00007268, load size=00000008 bytes, run addr=2000026c, run size=00002502 bytes, compression=zero_init
	.vtable: load addr=00007270, load size=00000008 bytes, run addr=20000000, run size=0000026c bytes, compression=zero_init


LINKER GENERATED HANDLER TABLE

__TI_handler_table @ 00007258 records: 3, size/record: 4, table size: 12
	index: 0, handler: __TI_zero_init
	index: 1, handler: __TI_decompress_lzss
	index: 2, handler: __TI_decompress_none


GLOBAL SYMBOLS: SORTED ALPHABETICALLY BY Name 

address   name                          
-------   ----                          
00006f2d  C$$EXIT                       
00006ee9  CPUcpsie                      
00000bc3  GPIOF_Handler                 
00006ebb  IntMasterEnable               
00006ca9  IntRegister                   
00006f01  ResetISR                      
20002f70  __STACK_END                   
00000800  __STACK_SIZE                  
20002970  __STACK_TOP                   
00000400  __SYSMEM_SIZE                 
00007278  __TI_CINIT_Base               
00007290  __TI_CINIT_Limit              
00007258  __TI_Handler_Table_Base       
00007264  __TI_Handler_Table_Limit      
00006af1  __TI_auto_init_nobinit_nopinit
00006895  __TI_decompress_lzss          
00006edb  __TI_decompress_none          
000069b7  __TI_ltoa                     
ffffffff  __TI_pprof_out_hndl           
00000e8d  __TI_printfi                  
ffffffff  __TI_prof_data_size           
ffffffff  __TI_prof_data_start          
00000000  __TI_static_base__            
00006ef5  __TI_zero_init                
000065c1  __aeabi_cdcmpeq               
000065c1  __aeabi_cdcmple               
00006647  __aeabi_cdrcmple              
00006827  __aeabi_d2f                   
00006aa9  __aeabi_d2iz                  
00006b35  __aeabi_d2uiz                 
000051e7  __aeabi_dadd                  
00005a99  __aeabi_ddiv                  
00006029  __aeabi_dmul                  
000051dd  __aeabi_dsub                  
00006f19  __aeabi_errno_addr            
00006c71  __aeabi_f2d                   
00006d41  __aeabi_i2d                   
00005393  __aeabi_idiv0                 
00005393  __aeabi_ldiv0                 
000066cd  __aeabi_memclr                
000066cd  __aeabi_memclr4               
000066cd  __aeabi_memclr8               
0000648f  __aeabi_memcpy                
0000648f  __aeabi_memcpy4               
0000648f  __aeabi_memcpy8               
000066cf  __aeabi_memset                
000066cf  __aeabi_memset4               
000066cf  __aeabi_memset8               
00006d99  __aeabi_ui2d                  
0000652b  __aeabi_uldivmod              
ffffffff  __binit__                     
ffffffff  __c_args__                    
00005695  __kernel_cos                  
000022ad  __kernel_rem_pio2             
00005521  __kernel_sin                  
UNDEFED   __mpu_init                    
20002770  __stack                       
20000000  __start___llvm_prf_cnts       
20000000  __stop___llvm_prf_cnts        
00006cdd  _c_int00_noargs               
00007088  _ctypes_                      
20003390  _lock                         
000018db  _nop                          
200033b0  _running                      
20002f70  _sys_memory                   
UNDEFED   _system_post_cinit            
00006f29  _system_pre_init              
20002768  _timeout_ticks                
20003394  _unlock                       
00006f2d  abort                         
00005bd1  adc_init                      
00005c7b  adc_read                      
00005f29  aligned_alloc                 
00006a5d  atoi                          
ffffffff  binit                         
00003f09  bumped                        
00006c39  calloc                        
00006df1  copysign                      
00006df1  copysignl                     
00003671  cos                           
00003671  cosl                          
20001bbc  data                          
000029e5  detectObj                     
200033b1  direction                     
00004c15  doScan                        
00004d7f  doScanPoint                   
200033a8  errno                         
2000276c  flag                          
00006125  floor                         
00006125  floorl                        
0000621d  free                          
000068fd  frexp                         
000068fd  frexpl                        
20000000  g_pfnRAMVectors               
00000000  g_pfnVectors                  
0000097f  go_charge                     
00006ecb  lcd_clear                     
00004381  lcd_gotoLine                  
000041e9  lcd_init                      
000043e7  lcd_printf                    
000042a9  lcd_putc                      
000042e1  lcd_puts                      
000041ad  lcd_reverseNibble             
000042ff  lcd_sendCommand               
0000433d  lcd_sendNibble                
000043a9  lcd_setCursorPos              
00005e19  ldexp                         
00005e19  ldexpl                        
000044d5  main                          
00006f21  malloc                        
00005f29  memalign                      
00006dd5  memccpy                       
0000648f  memcpy                        
000066d5  memset                        
20003370  motor_cal_factor_L            
20003374  motor_cal_factor_R            
00003c4d  move                          
2000026c  obj                           
00006301  objectXCalc                   
0000636d  objectYCalc                   
0000026d  oi_alloc                      
00000aa9  oi_checkFirmware              
000002c7  oi_close                      
00000279  oi_free                       
00000ded  oi_getMotorCalibrationLeft    
00000e01  oi_getMotorCalibrationRight   
000002b1  oi_init                       
00000289  oi_init_noupdate              
00000915  oi_loadSong                   
00006e3b  oi_parseInt                   
0000032b  oi_parsePacket                
0000096b  oi_play_song                  
0000084b  oi_setLeds                    
00000db1  oi_setMotorCalibration        
0000088f  oi_setWheels                  
00000b51  oi_shutoff_init               
0000098d  oi_uartInit                   
00000a31  oi_uartReceive                
00000a77  oi_uartSendBuff               
00000a15  oi_uartSendChar               
00000a59  oi_uartSendStr                
000002d9  oi_update                     
00003fc3  posCalc                       
200033a0  position                      
000018dd  pow                           
000018dd  powl                          
00002dc9  printObj                      
00002ec9  printObjAll                   
200033ac  pwm_period                    
00005e19  scalbn                        
00005e19  scalbnl                       
00005395  servo_init                    
00005417  servo_move                    
00003091  sin                           
00003091  sinl                          
00006b79  sprintf                       
00005805  sqrt                          
00005805  sqrtl                         
00006e6b  strchr                        
00006e53  strcmp                        
00006e81  strcpy                        
00006e95  strlen                        
00004aeb  timer_getMicros               
00004a93  timer_getMillis               
000049cd  timer_init                    
00004a6f  timer_pause                   
00004a81  timer_resume                  
00004a45  timer_stop                    
00004b45  timer_waitMicros              
00004b77  timer_waitMillis              
00003e27  turn                          
0000407d  turn90                        
2000276d  uart_data                     
00004e2d  uart_init                     
00004f7d  uart_interrupt_handler        
00004f4f  uart_interrupt_init           
00004f11  uart_receive                  
00004ef5  uart_sendChar                 
00004f31  uart_sendStr                  
00006bb9  vsnprintf                     
00006ea9  wcslen                        


GLOBAL SYMBOLS: SORTED BY Symbol Address 

address   name                          
-------   ----                          
00000000  __TI_static_base__            
00000000  g_pfnVectors                  
0000026d  oi_alloc                      
00000279  oi_free                       
00000289  oi_init_noupdate              
000002b1  oi_init                       
000002c7  oi_close                      
000002d9  oi_update                     
0000032b  oi_parsePacket                
00000400  __SYSMEM_SIZE                 
00000800  __STACK_SIZE                  
0000084b  oi_setLeds                    
0000088f  oi_setWheels                  
00000915  oi_loadSong                   
0000096b  oi_play_song                  
0000097f  go_charge                     
0000098d  oi_uartInit                   
00000a15  oi_uartSendChar               
00000a31  oi_uartReceive                
00000a59  oi_uartSendStr                
00000a77  oi_uartSendBuff               
00000aa9  oi_checkFirmware              
00000b51  oi_shutoff_init               
00000bc3  GPIOF_Handler                 
00000db1  oi_setMotorCalibration        
00000ded  oi_getMotorCalibrationLeft    
00000e01  oi_getMotorCalibrationRight   
00000e8d  __TI_printfi                  
000018db  _nop                          
000018dd  pow                           
000018dd  powl                          
000022ad  __kernel_rem_pio2             
000029e5  detectObj                     
00002dc9  printObj                      
00002ec9  printObjAll                   
00003091  sin                           
00003091  sinl                          
00003671  cos                           
00003671  cosl                          
00003c4d  move                          
00003e27  turn                          
00003f09  bumped                        
00003fc3  posCalc                       
0000407d  turn90                        
000041ad  lcd_reverseNibble             
000041e9  lcd_init                      
000042a9  lcd_putc                      
000042e1  lcd_puts                      
000042ff  lcd_sendCommand               
0000433d  lcd_sendNibble                
00004381  lcd_gotoLine                  
000043a9  lcd_setCursorPos              
000043e7  lcd_printf                    
000044d5  main                          
000049cd  timer_init                    
00004a45  timer_stop                    
00004a6f  timer_pause                   
00004a81  timer_resume                  
00004a93  timer_getMillis               
00004aeb  timer_getMicros               
00004b45  timer_waitMicros              
00004b77  timer_waitMillis              
00004c15  doScan                        
00004d7f  doScanPoint                   
00004e2d  uart_init                     
00004ef5  uart_sendChar                 
00004f11  uart_receive                  
00004f31  uart_sendStr                  
00004f4f  uart_interrupt_init           
00004f7d  uart_interrupt_handler        
000051dd  __aeabi_dsub                  
000051e7  __aeabi_dadd                  
00005393  __aeabi_idiv0                 
00005393  __aeabi_ldiv0                 
00005395  servo_init                    
00005417  servo_move                    
00005521  __kernel_sin                  
00005695  __kernel_cos                  
00005805  sqrt                          
00005805  sqrtl                         
00005a99  __aeabi_ddiv                  
00005bd1  adc_init                      
00005c7b  adc_read                      
00005e19  ldexp                         
00005e19  ldexpl                        
00005e19  scalbn                        
00005e19  scalbnl                       
00005f29  aligned_alloc                 
00005f29  memalign                      
00006029  __aeabi_dmul                  
00006125  floor                         
00006125  floorl                        
0000621d  free                          
00006301  objectXCalc                   
0000636d  objectYCalc                   
0000648f  __aeabi_memcpy                
0000648f  __aeabi_memcpy4               
0000648f  __aeabi_memcpy8               
0000648f  memcpy                        
0000652b  __aeabi_uldivmod              
000065c1  __aeabi_cdcmpeq               
000065c1  __aeabi_cdcmple               
00006647  __aeabi_cdrcmple              
000066cd  __aeabi_memclr                
000066cd  __aeabi_memclr4               
000066cd  __aeabi_memclr8               
000066cf  __aeabi_memset                
000066cf  __aeabi_memset4               
000066cf  __aeabi_memset8               
000066d5  memset                        
00006827  __aeabi_d2f                   
00006895  __TI_decompress_lzss          
000068fd  frexp                         
000068fd  frexpl                        
000069b7  __TI_ltoa                     
00006a5d  atoi                          
00006aa9  __aeabi_d2iz                  
00006af1  __TI_auto_init_nobinit_nopinit
00006b35  __aeabi_d2uiz                 
00006b79  sprintf                       
00006bb9  vsnprintf                     
00006c39  calloc                        
00006c71  __aeabi_f2d                   
00006ca9  IntRegister                   
00006cdd  _c_int00_noargs               
00006d41  __aeabi_i2d                   
00006d99  __aeabi_ui2d                  
00006dd5  memccpy                       
00006df1  copysign                      
00006df1  copysignl                     
00006e3b  oi_parseInt                   
00006e53  strcmp                        
00006e6b  strchr                        
00006e81  strcpy                        
00006e95  strlen                        
00006ea9  wcslen                        
00006ebb  IntMasterEnable               
00006ecb  lcd_clear                     
00006edb  __TI_decompress_none          
00006ee9  CPUcpsie                      
00006ef5  __TI_zero_init                
00006f01  ResetISR                      
00006f19  __aeabi_errno_addr            
00006f21  malloc                        
00006f29  _system_pre_init              
00006f2d  C$$EXIT                       
00006f2d  abort                         
00007088  _ctypes_                      
00007258  __TI_Handler_Table_Base       
00007264  __TI_Handler_Table_Limit      
00007278  __TI_CINIT_Base               
00007290  __TI_CINIT_Limit              
20000000  __start___llvm_prf_cnts       
20000000  __stop___llvm_prf_cnts        
20000000  g_pfnRAMVectors               
2000026c  obj                           
20001bbc  data                          
20002768  _timeout_ticks                
2000276c  flag                          
2000276d  uart_data                     
20002770  __stack                       
20002970  __STACK_TOP                   
20002f70  __STACK_END                   
20002f70  _sys_memory                   
20003370  motor_cal_factor_L            
20003374  motor_cal_factor_R            
20003390  _lock                         
20003394  _unlock                       
200033a0  position                      
200033a8  errno                         
200033ac  pwm_period                    
200033b0  _running                      
200033b1  direction                     
ffffffff  __TI_pprof_out_hndl           
ffffffff  __TI_prof_data_size           
ffffffff  __TI_prof_data_start          
ffffffff  __binit__                     
ffffffff  __c_args__                    
ffffffff  binit                         
UNDEFED   __mpu_init                    
UNDEFED   _system_post_cinit            

[181 symbols]
